 cw7

 Timestamp is 5ea96869 (Wed Apr 29 13:43:37 2020)

 Preferred load address is 00400000

 Start         Length     Name                   Class
 0001:00000000 00000915H .text                   CODE
 0002:00000000 00000040H .idata$5                DATA
 0002:00000040 00000028H .idata$2                DATA
 0002:00000068 00000014H .idata$3                DATA
 0002:0000007c 00000040H .idata$4                DATA
 0002:000000bc 000000e6H .idata$6                DATA
 0002:000001a2 00000000H .edata                  DATA
 0003:00000000 00001334H .data                   DATA

  Address         Publics by Value              Rva+Base     Lib:Object

 0001:00000000       _start                     00401000 f   cw7.obj
 0001:00000805       _ScanInt                   00401805 f   cw7.obj
 0001:00000866       _CharToOemA@8              00401866 f   user32:user32.dll
 0001:0000086c       _wsprintfA                 0040186c f   user32:user32.dll
 0001:00000872       _GetStdHandle@4            00401872 f   kernel32:kernel32.dll
 0001:00000878       _WriteConsoleA@20          00401878 f   kernel32:kernel32.dll
 0001:0000087e       _ExitProcess@4             0040187e f   kernel32:kernel32.dll
 0001:00000884       _lstrlenA@4                00401884 f   kernel32:kernel32.dll
 0001:0000088a       _GetCurrentDirectoryA@8    0040188a f   kernel32:kernel32.dll
 0001:00000890       _CreateDirectoryA@8        00401890 f   kernel32:kernel32.dll
 0001:00000896       _lstrcatA@8                00401896 f   kernel32:kernel32.dll
 0001:0000089c       _CreateFileA@28            0040189c f   kernel32:kernel32.dll
 0001:000008a2       _lstrcpyA@8                004018a2 f   kernel32:kernel32.dll
 0001:000008a8       _CloseHandle@4             004018a8 f   kernel32:kernel32.dll
 0001:000008ae       _WriteFile@20              004018ae f   kernel32:kernel32.dll
 0001:000008b4       _ReadFile@20               004018b4 f   kernel32:kernel32.dll
 0001:000008c0       _nrandom@4                 004018c0 f   masm32:nrand.obj
 0001:00000906       _nseed@4                   00401906 f   masm32:nrand.obj
 0002:00000000       __imp__CreateDirectoryA@8  00402000     kernel32:kernel32.dll
 0002:00000004       __imp__ReadFile@20         00402004     kernel32:kernel32.dll
 0002:00000008       __imp__WriteFile@20        00402008     kernel32:kernel32.dll
 0002:0000000c       __imp__GetStdHandle@4      0040200c     kernel32:kernel32.dll
 0002:00000010       __imp__WriteConsoleA@20    00402010     kernel32:kernel32.dll
 0002:00000014       __imp__ExitProcess@4       00402014     kernel32:kernel32.dll
 0002:00000018       __imp__lstrlenA@4          00402018     kernel32:kernel32.dll
 0002:0000001c       __imp__GetCurrentDirectoryA@8 0040201c     kernel32:kernel32.dll
 0002:00000020       __imp__lstrcatA@8          00402020     kernel32:kernel32.dll
 0002:00000024       __imp__CreateFileA@28      00402024     kernel32:kernel32.dll
 0002:00000028       __imp__lstrcpyA@8          00402028     kernel32:kernel32.dll
 0002:0000002c       __imp__CloseHandle@4       0040202c     kernel32:kernel32.dll
 0002:00000030       \177kernel32_NULL_THUNK_DATA 00402030     kernel32:kernel32.dll
 0002:00000034       __imp__wsprintfA           00402034     user32:user32.dll
 0002:00000038       __imp__CharToOemA@8        00402038     user32:user32.dll
 0002:0000003c       \177user32_NULL_THUNK_DATA 0040203c     user32:user32.dll
 0002:00000040       __IMPORT_DESCRIPTOR_user32 00402040     user32:user32.dll
 0002:00000054       __IMPORT_DESCRIPTOR_kernel32 00402054     kernel32:kernel32.dll
 0002:00000068       __NULL_IMPORT_DESCRIPTOR   00402068     user32:user32.dll

 entry point at        0001:00000000

 Static symbols

 0001:00000000       _$$$00001@0                00401000 f   cw7.obj
 0001:000007fe       kon                        004017fe f   cw7.obj
 0001:000005ef       dalej                      004015ef f   cw7.obj
 0001:00000822       pocz                       00401822 f   cw7.obj
 0001:00000853       nast                       00401853 f   cw7.obj
 0001:000005f9       zamyk                      004015f9 f   cw7.obj
 0001:000002b2       powt                       004012b2 f   cw7.obj
 0001:0000022c       losowe                     0040122c f   cw7.obj
 0001:00000311       powtE                      00401311 f   cw7.obj
 0001:000004f8       powt2                      004014f8 f   cw7.obj
 0001:00000598       parz                       00401598 f   cw7.obj
 0001:0000066e       powtE1                     0040166e f   cw7.obj
 0001:000006e8       zamyk1                     004016e8 f   cw7.obj
 0001:00000760       powtE2                     00401760 f   cw7.obj
 0001:000007da       zamyk2                     004017da f   cw7.obj
