 cw7

 Timestamp is 5ea9d73f (Wed Apr 29 21:36:31 2020)

 Preferred load address is 00400000

 Start         Length     Name                   Class
 0001:00000000 00000985H .text                   CODE
 0002:00000000 00000040H .idata$5                DATA
 0002:00000040 00000028H .idata$2                DATA
 0002:00000068 00000014H .idata$3                DATA
 0002:0000007c 00000040H .idata$4                DATA
 0002:000000bc 000000e6H .idata$6                DATA
 0002:000001a2 00000000H .edata                  DATA
 0003:00000000 00001334H .data                   DATA

  Address         Publics by Value              Rva+Base     Lib:Object

 0001:00000000       _start                     00401000 f   cw7.obj
 0001:00000877       _ScanInt                   00401877 f   cw7.obj
 0001:000008d8       _CharToOemA@8              004018d8 f   user32:user32.dll
 0001:000008de       _wsprintfA                 004018de f   user32:user32.dll
 0001:000008e4       _GetStdHandle@4            004018e4 f   kernel32:kernel32.dll
 0001:000008ea       _WriteConsoleA@20          004018ea f   kernel32:kernel32.dll
 0001:000008f0       _ExitProcess@4             004018f0 f   kernel32:kernel32.dll
 0001:000008f6       _lstrlenA@4                004018f6 f   kernel32:kernel32.dll
 0001:000008fc       _GetCurrentDirectoryA@8    004018fc f   kernel32:kernel32.dll
 0001:00000902       _CreateDirectoryA@8        00401902 f   kernel32:kernel32.dll
 0001:00000908       _lstrcatA@8                00401908 f   kernel32:kernel32.dll
 0001:0000090e       _CreateFileA@28            0040190e f   kernel32:kernel32.dll
 0001:00000914       _lstrcpyA@8                00401914 f   kernel32:kernel32.dll
 0001:0000091a       _CloseHandle@4             0040191a f   kernel32:kernel32.dll
 0001:00000920       _WriteFile@20              00401920 f   kernel32:kernel32.dll
 0001:00000926       _ReadFile@20               00401926 f   kernel32:kernel32.dll
 0001:00000930       _nrandom@4                 00401930 f   masm32:nrand.obj
 0001:00000976       _nseed@4                   00401976 f   masm32:nrand.obj
 0002:00000000       __imp__CreateDirectoryA@8  00402000     kernel32:kernel32.dll
 0002:00000004       __imp__ReadFile@20         00402004     kernel32:kernel32.dll
 0002:00000008       __imp__WriteFile@20        00402008     kernel32:kernel32.dll
 0002:0000000c       __imp__GetStdHandle@4      0040200c     kernel32:kernel32.dll
 0002:00000010       __imp__WriteConsoleA@20    00402010     kernel32:kernel32.dll
 0002:00000014       __imp__ExitProcess@4       00402014     kernel32:kernel32.dll
 0002:00000018       __imp__lstrlenA@4          00402018     kernel32:kernel32.dll
 0002:0000001c       __imp__GetCurrentDirectoryA@8 0040201c     kernel32:kernel32.dll
 0002:00000020       __imp__lstrcatA@8          00402020     kernel32:kernel32.dll
 0002:00000024       __imp__CreateFileA@28      00402024     kernel32:kernel32.dll
 0002:00000028       __imp__lstrcpyA@8          00402028     kernel32:kernel32.dll
 0002:0000002c       __imp__CloseHandle@4       0040202c     kernel32:kernel32.dll
 0002:00000030       \177kernel32_NULL_THUNK_DATA 00402030     kernel32:kernel32.dll
 0002:00000034       __imp__wsprintfA           00402034     user32:user32.dll
 0002:00000038       __imp__CharToOemA@8        00402038     user32:user32.dll
 0002:0000003c       \177user32_NULL_THUNK_DATA 0040203c     user32:user32.dll
 0002:00000040       __IMPORT_DESCRIPTOR_user32 00402040     user32:user32.dll
 0002:00000054       __IMPORT_DESCRIPTOR_kernel32 00402054     kernel32:kernel32.dll
 0002:00000068       __NULL_IMPORT_DESCRIPTOR   00402068     user32:user32.dll

 entry point at        0001:00000000

 Static symbols

 0001:00000000       _$$$00001@0                00401000 f   cw7.obj
 0001:00000870       kon                        00401870 f   cw7.obj
 0001:00000661       dalej                      00401661 f   cw7.obj
 0001:00000894       pocz                       00401894 f   cw7.obj
 0001:000008c5       nast                       004018c5 f   cw7.obj
 0001:0000066b       zamyk                      0040166b f   cw7.obj
 0001:00000281       powt                       00401281 f   cw7.obj
 0001:00000227       losowe                     00401227 f   cw7.obj
 0001:000002e0       powtE                      004012e0 f   cw7.obj
 0001:0000056a       powt2                      0040156a f   cw7.obj
 0001:0000060a       parz                       0040160a f   cw7.obj
 0001:000006e0       powtE1                     004016e0 f   cw7.obj
 0001:0000075a       zamyk1                     0040175a f   cw7.obj
 0001:000007d2       powtE2                     004017d2 f   cw7.obj
 0001:0000084c       zamyk2                     0040184c f   cw7.obj
