 cw7

 Timestamp is 5ea95349 (Wed Apr 29 12:13:29 2020)

 Preferred load address is 00400000

 Start         Length     Name                   Class
 0001:00000000 000009d5H .text                   CODE
 0002:00000000 00000040H .idata$5                DATA
 0002:00000040 00000028H .idata$2                DATA
 0002:00000068 00000014H .idata$3                DATA
 0002:0000007c 00000040H .idata$4                DATA
 0002:000000bc 000000e6H .idata$6                DATA
 0002:000001a2 00000000H .edata                  DATA
 0003:00000000 00001334H .data                   DATA

  Address         Publics by Value              Rva+Base     Lib:Object

 0001:00000000       _start                     00401000 f   cw7.obj
 0001:000008c1       _ScanInt                   004018c1 f   cw7.obj
 0001:00000922       _CharToOemA@8              00401922 f   user32:user32.dll
 0001:00000928       _wsprintfA                 00401928 f   user32:user32.dll
 0001:0000092e       _GetStdHandle@4            0040192e f   kernel32:kernel32.dll
 0001:00000934       _WriteConsoleA@20          00401934 f   kernel32:kernel32.dll
 0001:0000093a       _ExitProcess@4             0040193a f   kernel32:kernel32.dll
 0001:00000940       _lstrlenA@4                00401940 f   kernel32:kernel32.dll
 0001:00000946       _GetCurrentDirectoryA@8    00401946 f   kernel32:kernel32.dll
 0001:0000094c       _CreateDirectoryA@8        0040194c f   kernel32:kernel32.dll
 0001:00000952       _lstrcatA@8                00401952 f   kernel32:kernel32.dll
 0001:00000958       _CreateFileA@28            00401958 f   kernel32:kernel32.dll
 0001:0000095e       _lstrcpyA@8                0040195e f   kernel32:kernel32.dll
 0001:00000964       _CloseHandle@4             00401964 f   kernel32:kernel32.dll
 0001:0000096a       _WriteFile@20              0040196a f   kernel32:kernel32.dll
 0001:00000970       _ReadFile@20               00401970 f   kernel32:kernel32.dll
 0001:00000980       _nrandom@4                 00401980 f   masm32:nrand.obj
 0001:000009c6       _nseed@4                   004019c6 f   masm32:nrand.obj
 0002:00000000       __imp__CreateDirectoryA@8  00402000     kernel32:kernel32.dll
 0002:00000004       __imp__ReadFile@20         00402004     kernel32:kernel32.dll
 0002:00000008       __imp__WriteFile@20        00402008     kernel32:kernel32.dll
 0002:0000000c       __imp__GetStdHandle@4      0040200c     kernel32:kernel32.dll
 0002:00000010       __imp__WriteConsoleA@20    00402010     kernel32:kernel32.dll
 0002:00000014       __imp__ExitProcess@4       00402014     kernel32:kernel32.dll
 0002:00000018       __imp__lstrlenA@4          00402018     kernel32:kernel32.dll
 0002:0000001c       __imp__GetCurrentDirectoryA@8 0040201c     kernel32:kernel32.dll
 0002:00000020       __imp__lstrcatA@8          00402020     kernel32:kernel32.dll
 0002:00000024       __imp__CreateFileA@28      00402024     kernel32:kernel32.dll
 0002:00000028       __imp__lstrcpyA@8          00402028     kernel32:kernel32.dll
 0002:0000002c       __imp__CloseHandle@4       0040202c     kernel32:kernel32.dll
 0002:00000030       \177kernel32_NULL_THUNK_DATA 00402030     kernel32:kernel32.dll
 0002:00000034       __imp__wsprintfA           00402034     user32:user32.dll
 0002:00000038       __imp__CharToOemA@8        00402038     user32:user32.dll
 0002:0000003c       \177user32_NULL_THUNK_DATA 0040203c     user32:user32.dll
 0002:00000040       __IMPORT_DESCRIPTOR_user32 00402040     user32:user32.dll
 0002:00000054       __IMPORT_DESCRIPTOR_kernel32 00402054     kernel32:kernel32.dll
 0002:00000068       __NULL_IMPORT_DESCRIPTOR   00402068     user32:user32.dll

 entry point at        0001:00000000

 Static symbols

 0001:00000000       _$$$00001@0                00401000 f   cw7.obj
 0001:000008ba       kon                        004018ba f   cw7.obj
 0001:000006ab       dalej                      004016ab f   cw7.obj
 0001:000008de       pocz                       004018de f   cw7.obj
 0001:0000090f       nast                       0040190f f   cw7.obj
 0001:000006b5       zamyk                      004016b5 f   cw7.obj
 0001:000002cb       powt                       004012cb f   cw7.obj
 0001:0000022c       losowe                     0040122c f   cw7.obj
 0001:0000032a       powtE                      0040132a f   cw7.obj
 0001:000005b4       powt2                      004015b4 f   cw7.obj
 0001:00000654       parz                       00401654 f   cw7.obj
 0001:0000072a       powtE1                     0040172a f   cw7.obj
 0001:000007a4       zamyk1                     004017a4 f   cw7.obj
 0001:0000081c       powtE2                     0040181c f   cw7.obj
 0001:00000896       zamyk2                     00401896 f   cw7.obj
