 cw8

 Timestamp is 5ecf062d (Thu May 28 02:30:37 2020)

 Preferred load address is 00400000

 Start         Length     Name                   Class
 0001:00000000 0000184aH .text                   CODE
 0002:00000000 00000040H .idata$5                DATA
 0002:00000040 00000028H .idata$2                DATA
 0002:00000068 00000014H .idata$3                DATA
 0002:0000007c 00000040H .idata$4                DATA
 0002:000000bc 00000148H .idata$6                DATA
 0002:00000204 00000000H .edata                  DATA
 0003:00000000 00000ba0H .data                   DATA

  Address         Publics by Value              Rva+Base     Lib:Object

 0001:00000000       _start                     00401000 f   cw8.obj
 0001:000006bd       _Cls@0                     004016bd f   cw8.obj
 0001:000006e5       _Menu@0                    004016e5 f   cw8.obj
 0001:000017f6       _CharToOemA@8              004027f6 f   user32:user32.dll
 0001:000017fc       _GetStdHandle@4            004027fc f   kernel32:kernel32.dll
 0001:00001802       _WriteConsoleA@20          00402802 f   kernel32:kernel32.dll
 0001:00001808       _ExitProcess@4             00402808 f   kernel32:kernel32.dll
 0001:0000180e       _AllocConsole@0            0040280e f   kernel32:kernel32.dll
 0001:00001814       _FreeConsole@0             00402814 f   kernel32:kernel32.dll
 0001:0000181a       _SetConsoleTitleA@4        0040281a f   kernel32:kernel32.dll
 0001:00001820       _SetConsoleTextAttribute@8 00402820 f   kernel32:kernel32.dll
 0001:00001826       _GetLargestConsoleWindowSize@4 00402826 f   kernel32:kernel32.dll
 0001:0000182c       _FillConsoleOutputAttribute@20 0040282c f   kernel32:kernel32.dll
 0001:00001832       _SetConsoleCursorPosition@8 00402832 f   kernel32:kernel32.dll
 0001:00001838       _ReadConsoleInputA@16      00402838 f   kernel32:kernel32.dll
 0001:0000183e       _FlushConsoleInputBuffer@4 0040283e f   kernel32:kernel32.dll
 0001:00001844       _WriteConsoleOutputCharacterA@20 00402844 f   kernel32:kernel32.dll
 0002:00000000       __imp__SetConsoleTextAttribute@8 00403000     kernel32:kernel32.dll
 0002:00000004       __imp__WriteConsoleOutputCharacterA@20 00403004     kernel32:kernel32.dll
 0002:00000008       __imp__GetStdHandle@4      00403008     kernel32:kernel32.dll
 0002:0000000c       __imp__WriteConsoleA@20    0040300c     kernel32:kernel32.dll
 0002:00000010       __imp__ExitProcess@4       00403010     kernel32:kernel32.dll
 0002:00000014       __imp__AllocConsole@0      00403014     kernel32:kernel32.dll
 0002:00000018       __imp__FreeConsole@0       00403018     kernel32:kernel32.dll
 0002:0000001c       __imp__SetConsoleTitleA@4  0040301c     kernel32:kernel32.dll
 0002:00000020       __imp__GetLargestConsoleWindowSize@4 00403020     kernel32:kernel32.dll
 0002:00000024       __imp__FillConsoleOutputAttribute@20 00403024     kernel32:kernel32.dll
 0002:00000028       __imp__SetConsoleCursorPosition@8 00403028     kernel32:kernel32.dll
 0002:0000002c       __imp__ReadConsoleInputA@16 0040302c     kernel32:kernel32.dll
 0002:00000030       __imp__FlushConsoleInputBuffer@4 00403030     kernel32:kernel32.dll
 0002:00000034       \177kernel32_NULL_THUNK_DATA 00403034     kernel32:kernel32.dll
 0002:00000038       __imp__CharToOemA@8        00403038     user32:user32.dll
 0002:0000003c       \177user32_NULL_THUNK_DATA 0040303c     user32:user32.dll
 0002:00000040       __IMPORT_DESCRIPTOR_user32 00403040     user32:user32.dll
 0002:00000054       __IMPORT_DESCRIPTOR_kernel32 00403054     kernel32:kernel32.dll
 0002:00000068       __NULL_IMPORT_DESCRIPTOR   00403068     user32:user32.dll

 entry point at        0001:00000000

 Static symbols

 0001:00000000       _$$$00001@0                00401000 f   cw8.obj
 0001:000006b1       kon                        004016b1 f   cw8.obj
 0001:00000143       zadanie_a                  00401143 f   cw8.obj
 0001:00000240       zadanie_b                  00401240 f   cw8.obj
 0001:0000040b       klaw2B                     0040140b f   cw8.obj
 0001:00000458       zadanie_c                  00401458 f   cw8.obj
 0001:00000236       konA                       00401236 f   cw8.obj
 0001:00000664       klaw2C                     00401664 f   cw8.obj
 0001:0000044e       konB                       0040144e f   cw8.obj
 0001:000006a7       konC                       004016a7 f   cw8.obj
 0001:00000398       klawB                      00401398 f   cw8.obj
 0001:0000009a       powt                       0040109a f   cw8.obj
 0001:000005e3       klawC                      004015e3 f   cw8.obj
 0001:000000ca       klaw                       004010ca f   cw8.obj
 0001:00000234       etykA                      00401234 f   cw8.obj
 0001:00000357       powtB                      00401357 f   cw8.obj
 0001:000003db       etykB                      004013db f   cw8.obj
 0001:0000056f       powtC                      0040156f f   cw8.obj
 0001:000005a7       myszC                      004015a7 f   cw8.obj
 0001:00000626       etykC                      00401626 f   cw8.obj
