 cw5

 Timestamp is 5e98eb75 (Fri Apr 17 01:34:13 2020)

 Preferred load address is 00400000

 Start         Length     Name                   Class
 0001:00000000 000007caH .text                   CODE
 0002:00000000 00000024H .idata$5                DATA
 0002:00000024 00000028H .idata$2                DATA
 0002:0000004c 00000014H .idata$3                DATA
 0002:00000060 00000024H .idata$4                DATA
 0002:00000084 0000007eH .idata$6                DATA
 0002:00000102 00000000H .edata                  DATA
 0003:00000000 00000340H .data                   DATA

  Address         Publics by Value              Rva+Base     Lib:Object

 0001:00000000       _start                     00401000 f   cw5.obj
 0001:000005bf       _ScanInt                   004015bf f   cw5.obj
 0001:00000620       _DrukBin@4                 00401620 f   cw5.obj
 0001:00000675       _arytm                     00401675 f   cw5.obj
 0001:0000069b       _logika@16                 0040169b f   cw5.obj
 0001:000006c9       _przesuwanie@4             004016c9 f   cw5.obj
 0001:000007a0       _CharToOemA@8              004017a0 f   user32:user32.dll
 0001:000007a6       _wsprintfA                 004017a6 f   user32:user32.dll
 0001:000007ac       _GetStdHandle@4            004017ac f   kernel32:kernel32.dll
 0001:000007b2       _ReadConsoleA@20           004017b2 f   kernel32:kernel32.dll
 0001:000007b8       _WriteConsoleA@20          004017b8 f   kernel32:kernel32.dll
 0001:000007be       _ExitProcess@4             004017be f   kernel32:kernel32.dll
 0001:000007c4       _lstrlenA@4                004017c4 f   kernel32:kernel32.dll
 0002:00000000       __imp__ReadConsoleA@20     00402000     kernel32:kernel32.dll
 0002:00000004       __imp__lstrlenA@4          00402004     kernel32:kernel32.dll
 0002:00000008       __imp__ExitProcess@4       00402008     kernel32:kernel32.dll
 0002:0000000c       __imp__GetStdHandle@4      0040200c     kernel32:kernel32.dll
 0002:00000010       __imp__WriteConsoleA@20    00402010     kernel32:kernel32.dll
 0002:00000014       \177kernel32_NULL_THUNK_DATA 00402014     kernel32:kernel32.dll
 0002:00000018       __imp__wsprintfA           00402018     user32:user32.dll
 0002:0000001c       __imp__CharToOemA@8        0040201c     user32:user32.dll
 0002:00000020       \177user32_NULL_THUNK_DATA 00402020     user32:user32.dll
 0002:00000024       __IMPORT_DESCRIPTOR_user32 00402024     user32:user32.dll
 0002:00000038       __IMPORT_DESCRIPTOR_kernel32 00402038     kernel32:kernel32.dll
 0002:0000004c       __NULL_IMPORT_DESCRIPTOR   0040204c     user32:user32.dll

 entry point at        0001:00000000

 Static symbols

 0001:00000000       _$$$00001@0                00401000 f   cw5.obj
 0001:000005dc       pocz                       004015dc f   cw5.obj
 0001:0000060d       nast                       0040160d f   cw5.obj
 0001:0000063b       et1                        0040163b f   cw5.obj
