 cw4

 Timestamp is 5e89d673 (Sun Apr 05 15:00:35 2020)

 Preferred load address is 00400000

 Start         Length     Name                   Class
 0001:00000000 00000320H .text                   CODE
 0002:00000000 0000001cH .idata$5                DATA
 0002:0000001c 00000028H .idata$2                DATA
 0002:00000044 00000014H .idata$3                DATA
 0002:00000058 0000001cH .idata$4                DATA
 0002:00000074 00000062H .idata$6                DATA
 0002:000000d6 00000000H .edata                  DATA
 0003:00000000 00000153H .data                   DATA
 0004:00000000 00000008H _DATA?                  DATA

  Address         Publics by Value              Rva+Base     Lib:Object

 0001:00000000       _start                     00401000 f   cw4.obj
 0001:00000189       _ScanInt                   00401189 f   cw4.obj
 0001:000001ea       _ScanBin@4                 004011ea f   cw4.obj
 0001:00000236       _DrukBin@4                 00401236 f   cw4.obj
 0001:0000028b       _DrukShortBin@4            0040128b f   cw4.obj
 0001:00000302       _CharToOemA@8              00401302 f   user32:user32.dll
 0001:00000308       _GetStdHandle@4            00401308 f   kernel32:kernel32.dll
 0001:0000030e       _WriteConsoleA@20          0040130e f   kernel32:kernel32.dll
 0001:00000314       _ExitProcess@4             00401314 f   kernel32:kernel32.dll
 0001:0000031a       _lstrlenA@4                0040131a f   kernel32:kernel32.dll
 0002:00000000       __imp__lstrlenA@4          00402000     kernel32:kernel32.dll
 0002:00000004       __imp__GetStdHandle@4      00402004     kernel32:kernel32.dll
 0002:00000008       __imp__WriteConsoleA@20    00402008     kernel32:kernel32.dll
 0002:0000000c       __imp__ExitProcess@4       0040200c     kernel32:kernel32.dll
 0002:00000010       \177kernel32_NULL_THUNK_DATA 00402010     kernel32:kernel32.dll
 0002:00000014       __imp__CharToOemA@8        00402014     user32:user32.dll
 0002:00000018       \177user32_NULL_THUNK_DATA 00402018     user32:user32.dll
 0002:0000001c       __IMPORT_DESCRIPTOR_user32 0040201c     user32:user32.dll
 0002:00000030       __IMPORT_DESCRIPTOR_kernel32 00402030     kernel32:kernel32.dll
 0002:00000044       __NULL_IMPORT_DESCRIPTOR   00402044     user32:user32.dll

 entry point at        0001:00000000

 Static symbols

 0001:00000000       _$$$00001@0                00401000 f   cw4.obj
 0001:000001a6       pocz                       004011a6 f   cw4.obj
 0001:000001d7       nast                       004011d7 f   cw4.obj
 0001:00000251       @@d1                       00401251 f   cw4.obj
 0001:0000025d       @@d2                       0040125d f   cw4.obj
 0001:000002a6       pocz                       004012a6 f   cw4.obj
 0001:00000205       pocz                       00401205 f   cw4.obj
 0001:00000227       nast                       00401227 f   cw4.obj
